root@health-develop:/opt/cw/health-assistant# git pull
Username for 'https://github.com': chenwen0516
Password for 'https://chenwen0516@github.com': 
remote: Enumerating objects: 20, done.
remote: Counting objects: 100% (20/20), done.
remote: Compressing objects: 100% (5/5), done.
remote: Total 14 (delta 9), reused 14 (delta 9), pack-reused 0 (from 0)
Unpacking objects: 100% (14/14), 20.46 KiB | 2.27 MiB/s, done.
From https://github.com/cbu-cbs/health-assistant
   f03b621..72ed867  agent-dev-0.0.2 -> origin/agent-dev-0.0.2
hint: You have divergent branches and need to specify how to reconcile them.
hint: You can do so by running one of the following commands sometime before
hint: your next pull:
hint: 
hint:   git config pull.rebase false  # merge
hint:   git config pull.rebase true   # rebase
hint:   git config pull.ff only       # fast-forward only
hint: 
hint: You can replace "git config" with "git config --global" to set a default
hint: preference for all repositories. You can also pass --rebase, --no-rebase,
hint: or --ff-only on the command line to override the configured default per
hint: invocation.
fatal: Need to specify how to reconcile divergent branches.
root@health-develop:/opt/cw/health-assistant# git status
On branch agent-dev-0.0.2
Your branch and 'origin/agent-dev-0.0.2' have diverged,
and have 39 and 2 different commits each, respectively.
  (use "git pull" if you want to integrate the remote branch with yours)

Untracked files:
  (use "git add <file>..." to include in what will be committed)
        backend/livekit_agent/test/Full-Duplex-Bench/Full-Duplex-Bench-Data/
        backend/livekit_agent/test/Full-Duplex-Bench/dataset/v1.0/
        backend/livekit_agent/test/Full-Duplex-Bench/evaluation/user_interruption/
        backend/livekit_agent/test/Full-Duplex-Bench/output/

nothing added to commit but untracked files present (use "git add" to track)
root@health-develop:/opt/cw/health-assistant# git pull --rebase
Username for 'https://github.com': chenwen0516
Password for 'https://chenwen0516@github.com': 
Successfully rebased and updated refs/heads/agent-dev-0.0.2.
